===== CRON BRAIN START Tue Apr 28 15:52:36 IDT 2026 =====
[1] health check...
🚀 IMA OS BOOT SEQUENCE START
🧠 IMA KERNEL INIT
⚙️ Config: { mode: 'production', debug: false }
📦 Loaded modules: [ './ima_product/plugins', './ima_product' ]
✅ IMA OS READY
[2] server check...
⚠ server down -> restarting
[3] git sync...
🔄 Git auto sync starting...
📦 Changes detected - committing...
IMA SAFE RUNNING http://localhost:3000
[main 2dba365] auto-sync: 2026-04-28 15:52:37
 2 files changed, 67 insertions(+)
 create mode 100644 cron_brain.log
 create mode 100755 cron_brain.sh
To https://github.com/imaosglobal/Ima-kernel.git
   f59b961..2dba365  main -> main
✅ Synced to remote
[4] cleanup...
[5] snapshot...
===== CRON BRAIN START Tue Apr 28 15:52:50 IDT 2026 =====
[1] health check...
🚀 IMA OS BOOT SEQUENCE START
🧠 IMA KERNEL INIT
⚙️ Config: { mode: 'production', debug: false }
📦 Loaded modules: [ './ima_product/plugins', './ima_product' ]
✅ IMA OS READY
[2] server check...
⚠ server down -> restarting
[3] git sync...
🔄 Git auto sync starting...
📦 Changes detected - committing...
IMA SAFE RUNNING http://localhost:3000
