IMA UNIFIED BOOT
Launching kernel.run()
=== IMA LIVE KERNEL STARTED ===
[STATE UPDATE] {'counter': 0, 'mode': 'chat', 'files': []}
[ACTION] {'action': 'heartbeat'}
[ACTION] {'action': 'heartbeat'}
[ACTION] {'action': 'heartbeat'}
[ACTION] {'action': 'heartbeat'}
[ACTION] {'action': 'heartbeat'}
[ACTION] {'action': 'heartbeat'}
[ACTION] {'action': 'heartbeat'}
[ACTION] {'action': 'heartbeat'}
[ACTION] {'action': 'heartbeat'}
[ACTION] {'action': 'heartbeat'}
[ACTION] {'action': 'heartbeat'}
[ACTION] {'action': 'heartbeat'}
[ACTION] {'action': 'heartbeat'}
[ACTION] {'action': 'heartbeat'}
[ACTION] {'action': 'heartbeat'}
[ACTION] {'action': 'heartbeat'}
[ACTION] {'action': 'heartbeat'}
[ACTION] {'action': 'heartbeat'}
[ACTION] {'action': 'heartbeat'}
[ACTION] {'action': 'heartbeat'}
[ACTION] {'action': 'heartbeat'}
[ACTION] {'action': 'heartbeat'}
[ACTION] {'action': 'heartbeat'}
[ACTION] {'action': 'heartbeat'}
[ACTION] {'action': 'heartbeat'}
[ACTION] {'action': 'heartbeat'}
[ACTION] {'action': 'heartbeat'}
[ACTION] {'action': 'heartbeat'}
[ACTION] {'action': 'heartbeat'}
[ACTION] {'action': 'heartbeat'}
[ACTION] {'action': 'heartbeat'}
[ACTION] {'action': 'heartbeat'}
[ACTION] {'action': 'heartbeat'}
[ACTION] {'action': 'heartbeat'}
[ACTION] {'action': 'heartbeat'}
[ACTION] {'action': 'heartbeat'}
[ACTION] {'action': 'heartbeat'}
[ACTION] {'action': 'heartbeat'}
[ACTION] {'action': 'heartbeat'}
[ACTION] {'action': 'heartbeat'}
[ACTION] {'action': 'heartbeat'}
[ACTION] {'action': 'heartbeat'}
[ACTION] {'action': 'heartbeat'}
[ACTION] {'action': 'heartbeat'}
[ACTION] {'action': 'heartbeat'}
[ACTION] {'action': 'heartbeat'}
[ACTION] {'action': 'heartbeat'}
[ACTION] {'action': 'heartbeat'}
[ACTION] {'action': 'heartbeat'}
[ACTION] {'action': 'heartbeat'}
[ACTION] {'action': 'heartbeat'}
[ACTION] {'action': 'heartbeat'}
[ACTION] {'action': 'heartbeat'}
[ACTION] {'action': 'heartbeat'}
[ACTION] {'action': 'heartbeat'}
[ACTION] {'action': 'heartbeat'}
[ACTION] {'action': 'heartbeat'}
[ACTION] {'action': 'heartbeat'}
[ACTION] {'action': 'heartbeat'}
[ACTION] {'action': 'heartbeat'}
[ACTION] {'action': 'heartbeat'}
[ACTION] {'action': 'heartbeat'}
[ACTION] {'action': 'heartbeat'}
[ACTION] {'action': 'heartbeat'}
[ACTION] {'action': 'heartbeat'}
[ACTION] {'action': 'heartbeat'}
[ACTION] {'action': 'heartbeat'}
[ACTION] {'action': 'heartbeat'}
[ACTION] {'action': 'heartbeat'}
[ACTION] {'action': 'heartbeat'}
[ACTION] {'action': 'heartbeat'}
[ACTION] {'action': 'heartbeat'}
[ACTION] {'action': 'heartbeat'}
[ACTION] {'action': 'heartbeat'}
[ACTION] {'action': 'heartbeat'}
[ACTION] {'action': 'heartbeat'}
[ACTION] {'action': 'heartbeat'}
[ACTION] {'action': 'heartbeat'}
[ACTION] {'action': 'heartbeat'}
[ACTION] {'action': 'heartbeat'}
[ACTION] {'action': 'heartbeat'}
[ACTION] {'action': 'heartbeat'}
[ACTION] {'action': 'heartbeat'}
[ACTION] {'action': 'heartbeat'}
[ACTION] {'action': 'heartbeat'}
[ACTION] {'action': 'heartbeat'}
[ACTION] {'action': 'heartbeat'}
[ACTION] {'action': 'heartbeat'}
[ACTION] {'action': 'heartbeat'}
[ACTION] {'action': 'heartbeat'}
[ACTION] {'action': 'heartbeat'}
[ACTION] {'action': 'heartbeat'}
[ACTION] {'action': 'heartbeat'}
[ACTION] {'action': 'heartbeat'}
[ACTION] {'action': 'heartbeat'}
[ACTION] {'action': 'heartbeat'}
[ACTION] {'action': 'heartbeat'}
[ACTION] {'action': 'heartbeat'}
[ACTION] {'action': 'heartbeat'}
[ACTION] {'action': 'heartbeat'}
[ACTION] {'action': 'heartbeat'}
[ACTION] {'action': 'heartbeat'}
[ACTION] {'action': 'heartbeat'}
[ACTION] {'action': 'heartbeat'}
[ACTION] {'action': 'heartbeat'}
[ACTION] {'action': 'heartbeat'}
[ACTION] {'action': 'heartbeat'}
[ACTION] {'action': 'heartbeat'}
[ACTION] {'action': 'heartbeat'}
[ACTION] {'action': 'heartbeat'}
[ACTION] {'action': 'heartbeat'}
[ACTION] {'action': 'heartbeat'}
[ACTION] {'action': 'heartbeat'}
[ACTION] {'action': 'heartbeat'}
[ACTION] {'action': 'heartbeat'}
[ACTION] {'action': 'heartbeat'}
[ACTION] {'action': 'heartbeat'}
[ACTION] {'action': 'heartbeat'}
[ACTION] {'action': 'heartbeat'}
[ACTION] {'action': 'heartbeat'}
[ACTION] {'action': 'heartbeat'}
[ACTION] {'action': 'heartbeat'}
[ACTION] {'action': 'heartbeat'}
[ACTION] {'action': 'heartbeat'}
[ACTION] {'action': 'heartbeat'}
[ACTION] {'action': 'heartbeat'}
[ACTION] {'action': 'heartbeat'}
[ACTION] {'action': 'heartbeat'}
[ACTION] {'action': 'heartbeat'}
[ACTION] {'action': 'heartbeat'}
[ACTION] {'action': 'heartbeat'}
[ACTION] {'action': 'heartbeat'}
[ACTION] {'action': 'heartbeat'}
[ACTION] {'action': 'heartbeat'}
[ACTION] {'action': 'heartbeat'}
[ACTION] {'action': 'heartbeat'}
[ACTION] {'action': 'heartbeat'}
[ACTION] {'action': 'heartbeat'}
[ACTION] {'action': 'heartbeat'}
[ACTION] {'action': 'heartbeat'}
[ACTION] {'action': 'heartbeat'}
[ACTION] {'action': 'heartbeat'}
[ACTION] {'action': 'heartbeat'}
[ACTION] {'action': 'heartbeat'}
[ACTION] {'action': 'heartbeat'}
[ACTION] {'action': 'heartbeat'}
[ACTION] {'action': 'heartbeat'}
[ACTION] {'action': 'heartbeat'}
[ACTION] {'action': 'heartbeat'}
[ACTION] {'action': 'heartbeat'}
[ACTION] {'action': 'heartbeat'}
[ACTION] {'action': 'heartbeat'}
[ACTION] {'action': 'heartbeat'}
[ACTION] {'action': 'heartbeat'}
[ACTION] {'action': 'heartbeat'}
[ACTION] {'action': 'heartbeat'}
[ACTION] {'action': 'heartbeat'}
[ACTION] {'action': 'heartbeat'}
[ACTION] {'action': 'heartbeat'}
[ACTION] {'action': 'heartbeat'}
[ACTION] {'action': 'heartbeat'}
[ACTION] {'action': 'heartbeat'}
[ACTION] {'action': 'heartbeat'}
[ACTION] {'action': 'heartbeat'}
[ACTION] {'action': 'heartbeat'}
[ACTION] {'action': 'heartbeat'}
[ACTION] {'action': 'heartbeat'}
[ACTION] {'action': 'heartbeat'}
[ACTION] {'action': 'heartbeat'}
[ACTION] {'action': 'heartbeat'}
[ACTION] {'action': 'heartbeat'}
[ACTION] {'action': 'heartbeat'}
[ACTION] {'action': 'heartbeat'}
[ACTION] {'action': 'heartbeat'}
[ACTION] {'action': 'heartbeat'}
[ACTION] {'action': 'heartbeat'}
[ACTION] {'action': 'heartbeat'}
[ACTION] {'action': 'heartbeat'}
[ACTION] {'action': 'heartbeat'}
[ACTION] {'action': 'heartbeat'}
[ACTION] {'action': 'heartbeat'}
[ACTION] {'action': 'heartbeat'}
[ACTION] {'action': 'heartbeat'}
[ACTION] {'action': 'heartbeat'}
[ACTION] {'action': 'heartbeat'}
[ACTION] {'action': 'heartbeat'}
[ACTION] {'action': 'heartbeat'}
[ACTION] {'action': 'heartbeat'}
[ACTION] {'action': 'heartbeat'}
[ACTION] {'action': 'heartbeat'}
[ACTION] {'action': 'heartbeat'}
[ACTION] {'action': 'heartbeat'}
[ACTION] {'action': 'heartbeat'}
[ACTION] {'action': 'heartbeat'}
[ACTION] {'action': 'heartbeat'}
[ACTION] {'action': 'heartbeat'}
[ACTION] {'action': 'heartbeat'}
[ACTION] {'action': 'heartbeat'}
[ACTION] {'action': 'heartbeat'}
[ACTION] {'action': 'heartbeat'}
[ACTION] {'action': 'heartbeat'}
[ACTION] {'action': 'heartbeat'}
[ACTION] {'action': 'heartbeat'}
[ACTION] {'action': 'heartbeat'}
[ACTION] {'action': 'heartbeat'}
[ACTION] {'action': 'heartbeat'}
[ACTION] {'action': 'heartbeat'}
[ACTION] {'action': 'heartbeat'}
[ACTION] {'action': 'heartbeat'}
[ACTION] {'action': 'heartbeat'}
[ACTION] {'action': 'heartbeat'}
[ACTION] {'action': 'heartbeat'}
[ACTION] {'action': 'heartbeat'}
[ACTION] {'action': 'heartbeat'}
[ACTION] {'action': 'heartbeat'}
[ACTION] {'action': 'heartbeat'}
[ACTION] {'action': 'heartbeat'}
[ACTION] {'action': 'heartbeat'}
[ACTION] {'action': 'heartbeat'}
[ACTION] {'action': 'heartbeat'}
[ACTION] {'action': 'heartbeat'}
[ACTION] {'action': 'heartbeat'}
[ACTION] {'action': 'heartbeat'}
[ACTION] {'action': 'heartbeat'}
[ACTION] {'action': 'heartbeat'}
[ACTION] {'action': 'heartbeat'}
[ACTION] {'action': 'heartbeat'}
[ACTION] {'action': 'heartbeat'}
[ACTION] {'action': 'heartbeat'}
[ACTION] {'action': 'heartbeat'}
[ACTION] {'action': 'heartbeat'}
[ACTION] {'action': 'heartbeat'}
[ACTION] {'action': 'heartbeat'}
[ACTION] {'action': 'heartbeat'}
[ACTION] {'action': 'heartbeat'}
[ACTION] {'action': 'heartbeat'}
[ACTION] {'action': 'heartbeat'}
[ACTION] {'action': 'heartbeat'}
[ACTION] {'action': 'heartbeat'}
[ACTION] {'action': 'heartbeat'}
[ACTION] {'action': 'heartbeat'}
[ACTION] {'action': 'heartbeat'}
[ACTION] {'action': 'heartbeat'}
[ACTION] {'action': 'heartbeat'}
[ACTION] 