nohup: ignoring input
Setup:   /data/data/com.termux/files/home/ima_kernel/external/MEDA/sessions/hudson_real/setup.yaml
Problem: /data/data/com.termux/files/home/ima_kernel/external/MEDA/sessions/hudson_real/problem.json
Mode:    data_anchored
  Weighting strategy: equi_weighted
  Constraints: 2  Seeds: 1  Families: 1
  ode_variables filter applied: modeling ['H', 'L']
  Excluded terms: ['1']
  9 terms/eq: ['H', 'L', 'H^2', 'H*L', 'L^2', 'H^3', 'H*H*L', 'H*L*L', 'L^3']
Data:    /data/data/com.termux/files/home/ima_kernel/external/MEDA/sessions/hudson_real/hudson.csv
  21 points, 2 observed variable(s): ['H', 'L']
  Normalization (abs_max) scales (observed only): {'H': 292.0, 'L': 70.0}
  Fitting coefficients for 1 seed(s) via least-squares on numerical derivatives...
  Seed 0: 6 fitted terms across 2 equations
  WARNING: seed 0 data_score=0.000 < 0.2 (integration: diverged) — dropping.
  WARNING: all seeds diverge on the fitted coefficients — keeping them as structural warm starts (the GA will refit coefficients).
  WARNING: no seed in family 'default' passes hard constraints.

Running single GA: 1 seed(s), 2 constraint(s), 100 population, 100 generations
Creating initial population...

GA: 100 generations, pop=100, mode=data_anchored
  Variables: ['H', 'L']
  Terms/eq:  9
  Constraints: 2
  Regularization: kind=l0 scale=3.0
  Gates: hard_constraint_min_score=0.8 conservation_min_score=0.95 regularization_min_constraint_score=0.5
  Weights: data=0.5 constr=0.4 reg=0.1

  [------------------------------]   1.0%  gen 1/100  fit=0.7449  data=0.6230  constr=1.0000  rmse=0.3364  reg=0.3333  [4.1s]
  [------------------------------]   2.0%  gen 2/100  fit=0.7866  data=0.6874  constr=1.0000  rmse=0.2433  reg=0.4286  [8.6s]
  [------------------------------]   3.0%  gen 3/100  fit=0.7866  data=0.6874  constr=1.0000  rmse=0.2433  reg=0.4286  [11.5s]
  [=-----------------------------]   4.0%  gen 4/100  fit=0.7866  data=0.6874  constr=1.0000  rmse=0.2433  reg=0.4286  [12.0s]
  [=-----------------------------]   5.0%  gen 5/100  fit=0.7866  data=0.6874  constr=1.0000  rmse=0.2433  reg=0.4286  [12.1s]
  [=-----------------------------]   6.0%  gen 6/100  fit=0.8043  data=0.7336  constr=1.0000  rmse=0.1977  reg=0.3750  [13.2s]
  [==----------------------------]   7.0%  gen 7/100  fit=0.8043  data=0.7336  constr=1.0000  rmse=0.1977  reg=0.3750  [13.3s]
  [==----------------------------]   8.0%  gen 8/100  fit=0.8043  data=0.7336  constr=1.0000  rmse=0.1977  reg=0.3750  [13.3s]
  [==----------------------------]   9.0%  gen 9/100  fit=0.8043  data=0.7336  constr=1.0000  rmse=0.1977  reg=0.3750  [13.4s]
  [===---------------------------]  10.0%  gen 10/100  fit=0.8043  data=0.7336  constr=1.0000  rmse=0.1977  reg=0.3750  [13.4s]
  [===---------------------------]  11.0%  gen 11/100  fit=0.8043  data=0.7336  constr=1.0000  rmse=0.1977  reg=0.3750  [13.5s]
  [===---------------------------]  12.0%  gen 12/100  fit=0.8043  data=0.7336  constr=1.0000  rmse=0.1977  reg=0.3750  [13.6s]
  [===---------------------------]  13.0%  gen 13/100  fit=0.8043  data=0.7336  constr=1.0000  rmse=0.1977  reg=0.3750  [13.6s]
  [====--------------------------]  14.0%  gen 14/100  fit=0.8051  data=0.7351  constr=1.0000  rmse=0.1964  reg=0.3750  [13.7s]
  [====--------------------------]  15.0%  gen 15/100  fit=0.8104  data=0.7458  constr=1.0000  rmse=0.1874  reg=0.3750  [13.8s]
  [====--------------------------]  16.0%  gen 16/100  fit=0.8104  data=0.7458  constr=1.0000  rmse=0.1874  reg=0.3750  [13.9s]
  [=====-------------------------]  17.0%  gen 17/100  fit=0.8117  data=0.7377  constr=1.0000  rmse=0.1929  reg=0.4286  [14.0s]
  [=====-------------------------]  18.0%  gen 18/100  fit=0.8125  data=0.7501  constr=1.0000  rmse=0.1840  reg=0.3750  [14.1s]
  [=====-------------------------]  19.0%  gen 19/100  fit=0.8125  data=0.7501  constr=1.0000  rmse=0.1840  reg=0.3750  [14.2s]
  [======------------------------]  20.0%  gen 20/100  fit=0.8128  data=0.7400  constr=1.0000  rmse=0.1911  reg=0.4286  [14.2s]
  >> Saved checkpoint.json
  [======------------------------]  21.0%  gen 21/100  fit=0.8143  data=0.7536  constr=1.0000  rmse=0.1810  reg=0.3750  [14.4s]
  [======------------------------]  22.0%  gen 22/100  fit=0.8155  data=0.7453  constr=1.0000  rmse=0.1877  reg=0.4286  [14.4s]
  [======------------------------]  23.0%  gen 23/100  fit=0.8164  data=0.7471  constr=1.0000  rmse=0.1862  reg=0.4286  [14.6s]
  [=======-----------------------]  24.0%  gen 24/100  fit=0.8179  data=0.7501  constr=1.0000  rmse=0.1837  reg=0.4286  [15.1s]
  [=======-----------------------]  25.0%  gen 25/100  fit=0.8186  data=0.7515  constr=1.0000  rmse=0.1826  reg=0.4286  [15.4s]
  [=======-----------------------]  26.0%  gen 26/100  fit=0.8186  data=0.7515  constr=1.0000  rmse=0.1826  reg=0.4286  [15.5s]
  [========----------------------]  27.0%  gen 27/100  fit=0.8186  data=0.7515  constr=1.0000  rmse=0.1826  reg=0.4286  [15.6s]
  [========----------------------]  28.0%  gen 28/100  fit=0.8186  data=0.7515  constr=1.0000  rmse=0.1826  reg=0.4286  [15.6s]
  [========----------------------]  29.0%  gen 29/100  fit=0.8186  data=0.7515  constr=1.0000  rmse=0.1826  reg=0.4286  [15.6s]
  [=========---------------------]  30.0%  gen 30/100  fit=0.8186  data=0.7515  constr=1.0000  rmse=0.1826  reg=0.4286  [15.6s]
  [=========---------------------]  31.0%  gen 31/100  fit=0.8186  data=0.7515  constr=1.0000  rmse=0.1826  reg=0.4286  [15.8s]
  [=========---------------------]  32.0%  gen 32/100  fit=0.8186  data=0.7515  constr=1.0000  rmse=0.1826  reg=0.4286  [15.8s]
  [=========---------------------]  33.0%  gen 33/100  fit=0.8229  data=0.7601  constr=1.0000  rmse=0.1760  reg=0.4286  [15.9s]
  [==========--------------------]  34.0%  gen 34/100  fit=0.8253  data=0.7649  constr=1.0000  rmse=0.1722  reg=0.4286  [16.0s]
  [==========--------------------]  35.0%  gen 35/100  fit=0.8253  data=0.7649  constr=1.0000  rmse=0.1722  reg=0.4286  [16.1s]
  [==========--------------------]  36.0%  gen 36/100  fit=0.8253  data=0.7649  constr=1.0000  rmse=0.1722  reg=0.4286  [16.1s]
  [===========-------------------]  37.0%  gen 37/100  fit=0.8253  data=0.7649  constr=1.0000  rmse=0.1722  reg=0.4286  [16.2s]
  [===========-------------------]  38.0%  gen 38/100  fit=0.8253  data=0.7649  constr=1.0000  rmse=0.1722  reg=0.4286  [16.2s]
  [===========-------------------]  39.0%  gen 39/100  fit=0.8253  data=0.7649  constr=1.0000  rmse=0.1722  reg=0.4286  [16.3s]
  [============------------------]  40.0%  gen 40/100  fit=0.8258  data=0.7660  constr=1.0000  rmse=0.1714  reg=0.4286  [16.4s]
  >> Saved checkpoint.json
  [============------------------]  41.0%  gen 41/100  fit=0.8258  data=0.7660  constr=1.0000  rmse=0.1714  reg=0.4286  [16.4s]
  [============------------------]  42.0%  gen 42/100  fit=0.8258  data=0.7660  constr=1.0000  rmse=0.1714  reg=0.4286  [16.5s]
  [============------------------]  43.0%  gen 43/100  fit=0.8258  data=0.7660  constr=1.0000  rmse=0.1714  reg=0.4286  [16.6s]
  [=============-----------------]  44.0%  gen 44/100  fit=0.8258  data=0.7660  constr=1.0000  rmse=0.1714  reg=0.4286  [16.6s]
  [=============-----------------]  45.0%  gen 45/100  fit=0.8258  data=0.7660  constr=1.0000  rmse=0.1714  reg=0.4286  [16.6s]
  [=============-----------------]  46.0%  gen 46/100  fit=0.8258  data=0.7660  constr=1.0000  rmse=0.1714  reg=0.4286  [16.7s]
  [==============----------------]  47.0%  gen 47/100  fit=0.8292  data=0.7835  constr=1.0000  rmse=0.1591  reg=0.3750  [16.7s]
  [==============----------------]  48.0%  gen 48/100  fit=0.8292  data=0.7835  constr=1.0000  rmse=0.1591  reg=0.3750  [16.8s]
  [==============----------------]  49.0%  gen 49/100  fit=0.8292  data=0.7835  constr=1.0000  rmse=0.1591  reg=0.3750  [16.8s]
  [===============---------------]  50.0%  gen 50/100  fit=0.8343  data=0.8020  constr=1.0000  rmse=0.1463  reg=0.3333  [16.9s]
  [===============---------------]  51.0%  gen 51/100  fit=0.8343  data=0.8020  constr=1.0000  rmse=0.1463  reg=0.3333  [17.0s]
  [===============---------------]  52.0%  gen 52/100  fit=0.8343  data=0.8020  constr=1.0000  rmse=0.1463  reg=0.3333  [17.0s]
  [===============---------------]  53.0%  gen 53/100  fit=0.8343  data=0.8020  constr=1.0000  rmse=0.1463  reg=0.3333  [17.0s]
  [================--------------]  54.0%  gen 54/100  fit=0.8343  data=0.8020  constr=1.0000  rmse=0.1463  reg=0.3333  [17.1s]
  [================--------------]  55.0%  gen 55/100  fit=0.8344  data=0.8021  constr=1.0000  rmse=0.1463  reg=0.3333  [17.2s]
  [================--------------]  56.0%  gen 56/100  fit=0.8344  data=0.8021  constr=1.0000  rmse=0.1463  reg=0.3333  [17.2s]
  [=================-------------]  57.0%  gen 57/100  fit=0.8352  data=0.8037  constr=1.0000  rmse=0.1452  reg=0.3333  [17.3s]
  [=================-------------]  58.0%  gen 58/100  fit=0.8352  data=0.8037  constr=1.0000  rmse=0.1452  reg=0.3333  [17.4s]
  [=================-------------]  59.0%  gen 59/100  fit=0.8352  data=0.8037  constr=1.0000  rmse=0.1452  reg=0.3333  [17.4s]
  [==================------------]  60.0%  gen 60/100  fit=0.8352  data=0.8037  constr=1.0000  rmse=0.1452  reg=0.3333  [17.4s]
  >> Saved checkpoint.json
  [==================------------]  61.0%  gen 61/100  fit=0.8371  data=0.8075  constr=1.0000  rmse=0.1427  reg=0.3333  [17.5s]
  [==================------------]  62.0%  gen 62/100  fit=0.8378  data=0.8089  constr=1.0000  rmse=0.1418  reg=0.3333  [17.5s]
  [==================------------]  63.0%  gen 63/100  fit=0.8378  data=0.8089  constr=1.0000  rmse=0.1418  reg=0.3333  [17.6s]
  [===================-----------]  64.0%  gen 64/100  fit=0.8378  data=0.8089  constr=1.0000  rmse=0.1418  reg=0.3333  [17.6s]
  [===================-----------]  65.0%  gen 65/100  fit=0.8378  data=0.8089  constr=1.0000  rmse=0.1418  reg=0.3333  [17.7s]
  [===================-----------]  66.0%  gen 66/100  fit=0.8378  data=0.8089  constr=1.0000  rmse=0.1418  reg=0.3333  [17.7s]
  [====================----------]  67.0%  gen 67/100  fit=0.8378  data=0.8089  constr=1.0000  rmse=0.1418  reg=0.3333  [17.8s]
  [====================----------]  68.0%  gen 68/100  fit=0.8378  data=0.8089  constr=1.0000  rmse=0.1418  reg=0.3333  [17.9s]
  [====================----------]  69.0%  gen 69/100  fit=0.8378  data=0.8089  constr=1.0000  rmse=0.1418  reg=0.3333  [18.0s]
  [=====================---------]  70.0%  gen 70/100  fit=0.8379  data=0.8091  constr=1.0000  rmse=0.1416  reg=0.3333  [18.1s]
  [=====================---------]  71.0%  gen 71/100  fit=0.8409  data=0.8151  constr=1.0000  rmse=0.1377  reg=0.3333  [18.2s]
  [=====================---------]  72.0%  gen 72/100  fit=0.8418  data=0.8170  constr=1.0000  rmse=0.1365  reg=0.3333  [18.3s]
  [=====================---------]  73.0%  gen 73/100  fit=0.8425  data=0.8183  constr=1.0000  rmse=0.1356  reg=0.3333  [18.5s]
  [======================--------]  74.0%  gen 74/100  fit=0.8425  data=0.8183  constr=1.0000  rmse=0.1356  reg=0.3333  [18.5s]
  [======================--------]  75.0%  gen 75/100  fit=0.8425  data=0.8183  constr=1.0000  rmse=0.1356  reg=0.3333  [18.6s]
  [======================--------]  76.0%  gen 76/100  fit=0.8425  data=0.8183  constr=1.0000  rmse=0.1356  reg=0.3333  [18.7s]
  [=======================-------]  77.0%  gen 77/100  fit=0.8425  data=0.8183  constr=1.0000  rmse=0.1356  reg=0.3333  [18.7s]
  [=======================-------]  78.0%  gen 78/100  fit=0.8425  data=0.8183  constr=1.0000  rmse=0.1356  reg=0.3333  [18.8s]
  [=======================-------]  79.0%  gen 79/100  fit=0.8425  data=0.8183  constr=1.0000  rmse=0.1356  reg=0.3333  [18.8s]
  [========================------]  80.0%  gen 80/100  fit=0.8425  data=0.8183  constr=1.0000  rmse=0.1356  reg=0.3333  [18.9s]
  >> Saved checkpoint.json
  [========================------]  81.0%  gen 81/100  fit=0.8425  data=0.8183  constr=1.0000  rmse=0.1356  reg=0.3333  [19.0s]
  [========================------]  82.0%  gen 82/100  fit=0.8425  data=0.8183  constr=1.0000  rmse=0.1356  reg=0.3333  [19.1s]
  [========================------]  83.0%  gen 83/100  fit=0.8425  data=0.8183  constr=1.0000  rmse=0.1356  reg=0.3333  [19.1s]
  [=========================-----]  84.0%  gen 84/100  fit=0.8425  data=0.8183  constr=1.0000  rmse=0.1356  reg=0.3333  [19.2s]
  [=========================-----]  85.0%  gen 85/100  fit=0.8425  data=0.8183  constr=1.0000  rmse=0.1356  reg=0.3333  [19.3s]
  [=========================-----]  86.0%  gen 86/100  fit=0.8425  data=0.8183  constr=1.0000  rmse=0.1356  reg=0.3333  [19.3s]
  [==========================----]  87.0%  gen 87/100  fit=0.8425  data=0.8183  constr=1.0000  rmse=0.1356  reg=0.3333  [19.5s]
  [==========================----]  88.0%  gen 88/100  fit=0.8425  data=0.8183  constr=1.0000  rmse=0.1356  reg=0.3333  [19.5s]
  [==========================----]  89.0%  gen 89/100  fit=0.8425  data=0.8183  constr=1.0000  rmse=0.1356  reg=0.3333  [19.6s]
  [===========================---]  90.0%  gen 90/100  fit=0.8425  data=0.8183  constr=1.0000  rmse=0.1356  reg=0.3333  [19.7s]
  [===========================---]  91.0%  gen 91/100  fit=0.8437  data=0.8207  constr=1.0000  rmse=0.1341  reg=0.3333  [19.8s]
  [===========================---]  92.0%  gen 92/100  fit=0.8437  data=0.8207  constr=1.0000  rmse=0.1341  reg=0.3333  [19.9s]
  [===========================---]  93.0%  gen 93/100  fit=0.8437  data=0.8207  constr=1.0000  rmse=0.1341  reg=0.3333  [19.9s]
  [============================--]  94.0%  gen 94/100  fit=0.8437  data=0.8207  constr=1.0000  rmse=0.1341  reg=0.3333  [20.0s]
  [============================--]  95.0%  gen 95/100  fit=0.8449  data=0.8232  constr=1.0000  rmse=0.1325  reg=0.3333  [20.1s]
  [============================--]  96.0%  gen 96/100  fit=0.8449  data=0.8232  constr=1.0000  rmse=0.1325  reg=0.3333  [20.2s]
  [=============================-]  97.0%  gen 97/100  fit=0.8449  data=0.8232  constr=1.0000  rmse=0.1325  reg=0.3333  [20.2s]
  [=============================-]  98.0%  gen 98/100  fit=0.8449  data=0.8232  constr=1.0000  rmse=0.1325  reg=0.3333  [20.3s]
  [=============================-]  99.0%  gen 99/100  fit=0.8455  data=0.8244  constr=1.0000  rmse=0.1317  reg=0.3333  [20.4s]
  [==============================] 100.0%  gen 100/100  fit=0.8455  data=0.8244  constr=1.0000  rmse=0.1317  reg=0.3333  [20.4s]
  >> Saved checkpoint.json

Top candidates (2 distinct): balanced(6 terms, constr=1.000), sparse(0 terms, constr=1.000)

Per-seed baseline (before evolution):
  Seed 0: fit=0.0000  constr=0.0000  hard_pass=False  reg=0.0000  n_terms=6

Selection: selected family 'all' by priority hard_pass=True, data_score=0.8244, constraint_score=1.0000, regularization_reward=0.3333

============================================================
BEST ODE SYSTEM FOUND  (mode=data_anchored)
============================================================
  dH/dt = +0.3076*H -0.0010*H^2 -0.0000*L^3
  dL/dt = +0.0282*H +0.0002*H^2 -0.0043*L^2

  Fitness:               0.8455
  Constraint score:      1.0000
  Regularization reward: 0.3333
  Data fit score:        0.8244
  RMSE:                  0.1317
============================================================

Results saved to /data/data/com.termux/files/home/ima_kernel/external/MEDA/sessions/hudson_real/results.json
